2026-05-01 03:50:02 [INFO] fno: --force: skipping time-of-day check
2026-05-01 03:50:02 [INFO] fno: 🟢 [09:20:02] Phase: Configuration — START
2026-05-01 03:50:02 [INFO] fno: ✅ [09:20:02] Phase: Configuration — DONE
2026-05-01 03:50:02 [INFO] fno: Config: broker=dhan, mode=paper, capital=₹1000000, max_positions=8
2026-05-01 03:50:02 [INFO] fno: 🟢 [09:20:02] Phase: Database — START
2026-05-01 03:50:02 [INFO] fno: ✅ [09:20:02] Phase: Database — DONE
2026-05-01 03:50:02 [INFO] fno: 🟢 [09:20:02] Phase: Broker Authentication — START
2026-05-01 03:50:02 [INFO] intraday.auth_server: Dry-run mode — skipping broker authentication
2026-05-01 03:50:02 [INFO] fno: ✅ [09:20:02] Phase: Broker Authentication — DONE
2026-05-01 03:50:02 [INFO] fno: Broker: dhan, mode=paper, auth=DryRun
2026-05-01 03:50:02 [INFO] fno: 🟢 [09:20:02] Phase: Option Chain Fetch — START
2026-05-01 03:50:02 [INFO] fno: NIFTY: spot=25471.10, ATM=25450.0, PCR=0.46, MaxPain=25350.0
2026-05-01 03:50:02 [INFO] fno: BANKNIFTY: spot=48223.23, ATM=48200.0, PCR=0.55, MaxPain=48000.0
2026-05-01 03:50:02 [INFO] fno: FINNIFTY: spot=22028.81, ATM=22050.0, PCR=0.60, MaxPain=21900.0
2026-05-01 03:50:02 [INFO] fno: ✅ [09:20:02] Phase: Option Chain Fetch — DONE
2026-05-01 03:50:02 [INFO] fno: 🟢 [09:20:02] Phase: Greeks Computation — START
2026-05-01 03:50:03 [INFO] fno: ✅ [09:20:03] Phase: Greeks Computation — DONE
2026-05-01 03:50:03 [INFO] fno: 🟢 [09:20:03] Phase: Quant Edge Engine — START
2026-05-01 03:50:03 [INFO] fno: NIFTY quant: IVP=96.6%, VRP=6.13, GEX=PINNED, Confluence=60
2026-05-01 03:50:03 [INFO] fno: BANKNIFTY quant: IVP=95.5%, VRP=3.15, GEX=PINNED, Confluence=55
2026-05-01 03:50:03 [INFO] fno: FINNIFTY quant: IVP=33.0%, VRP=4.20, GEX=PINNED, Confluence=40
2026-05-01 03:50:03 [INFO] fno: ✅ [09:20:03] Phase: Quant Edge Engine — DONE
2026-05-01 03:50:03 [INFO] fno: 🟢 [09:20:03] Phase: Strategy Selection — START
2026-05-01 03:50:03 [INFO] fno.strategy_engine: Market regime: SIDEWAYS (VIX=15.0)
2026-05-01 03:50:03 [INFO] botocore.credentials: Found credentials in shared credentials file: ~/.aws/credentials
2026-05-01 03:50:57 [WARNING] fno.strategy_engine: Confluence 39.6 < 50 for hedged IRON_CONDOR
2026-05-01 03:50:57 [INFO] fno: Selected 3 strategies
2026-05-01 03:50:57 [INFO] fno:   IRON_CONDOR NIFTY: 4 legs, max_loss=₹6979, confidence=8, confluence=60
2026-05-01 03:50:57 [INFO] fno:   BULL_PUT_SPREAD NIFTY: 2 legs, max_loss=₹4832, confidence=7, confluence=60
2026-05-01 03:50:57 [INFO] fno:   IRON_CONDOR BANKNIFTY: 4 legs, max_loss=₹8274, confidence=7, confluence=55
2026-05-01 03:50:57 [INFO] fno: ✅ [09:20:57] Phase: Strategy Selection — DONE
2026-05-01 03:50:57 [INFO] fno: 🟢 [09:20:57] Phase: Risk Validation — START
2026-05-01 03:50:57 [INFO] fno: ✅ Approved: IRON_CONDOR NIFTY
2026-05-01 03:50:57 [INFO] fno: ✅ Approved: BULL_PUT_SPREAD NIFTY
2026-05-01 03:50:57 [INFO] fno: ✅ Approved: IRON_CONDOR BANKNIFTY
2026-05-01 03:50:57 [INFO] fno: ✅ [09:20:57] Phase: Risk Validation — DONE
2026-05-01 03:50:57 [INFO] fno: 🟢 [09:20:57] Phase: Order Execution — START
2026-05-01 03:50:57 [INFO] fno.paper_engine: Paper fill: IRON_CONDOR NIFTY — margin ₹8374, remaining ₹991626
2026-05-01 03:50:57 [INFO] fno: Placed strategy 39: IRON_CONDOR NIFTY
2026-05-01 03:50:58 [INFO] fno.paper_engine: Paper fill: BULL_PUT_SPREAD NIFTY — margin ₹5799, remaining ₹985826
2026-05-01 03:50:58 [INFO] fno: Placed strategy 40: BULL_PUT_SPREAD NIFTY
2026-05-01 03:50:58 [INFO] fno.paper_engine: Paper fill: IRON_CONDOR BANKNIFTY — margin ₹9928, remaining ₹975898
2026-05-01 03:50:58 [INFO] fno: Placed strategy 41: IRON_CONDOR BANKNIFTY
2026-05-01 03:50:58 [INFO] fno: ✅ [09:20:58] Phase: Order Execution — DONE
2026-05-01 03:50:58 [INFO] fno: 🟢 [09:20:58] Phase: Position Monitoring — START
2026-05-01 03:50:58 [INFO] fno: Monitoring every 30s until 15:15 IST (paper mode)
2026-05-01 03:50:58 [WARNING] fno.monitor: Vega exposure -54835.7 exceeds limit 2000
2026-05-01 03:51:28 [WARNING] fno.monitor: Vega exposure -54835.7 exceeds limit 2000
2026-05-01 03:51:58 [WARNING] fno.monitor: Vega exposure -54835.7 exceeds limit 2000
2026-05-01 03:52:28 [WARNING] fno.monitor: Vega exposure -54835.7 exceeds limit 2000
2026-05-01 03:52:58 [WARNING] fno.monitor: Vega exposure -54835.7 exceeds limit 2000
2026-05-01 03:53:28 [WARNING] fno.monitor: Vega exposure -54835.7 exceeds limit 2000
2026-05-01 03:53:58 [WARNING] fno.monitor: Vega exposure -54835.7 exceeds limit 2000
2026-05-01 03:54:28 [WARNING] fno.monitor: Vega exposure -54835.7 exceeds limit 2000
2026-05-01 03:54:58 [WARNING] fno.monitor: Vega exposure -54835.7 exceeds limit 2000
2026-05-01 03:55:28 [WARNING] fno.monitor: Vega exposure -54835.7 exceeds limit 2000
2026-05-01 03:55:28 [INFO] fno: Monitor cycle 10: open=3, exits=0, warnings=1
2026-05-01 03:55:58 [WARNING] fno.monitor: Vega exposure -54835.7 exceeds limit 2000
2026-05-01 03:56:28 [WARNING] fno.monitor: Vega exposure -54835.7 exceeds limit 2000
2026-05-01 03:56:58 [WARNING] fno.monitor: Vega exposure -54835.7 exceeds limit 2000
2026-05-01 03:57:28 [WARNING] fno.monitor: Vega exposure -54835.7 exceeds limit 2000
2026-05-01 03:57:58 [WARNING] fno.monitor: Vega exposure -54835.7 exceeds limit 2000
2026-05-01 03:58:28 [WARNING] fno.monitor: Vega exposure -54835.7 exceeds limit 2000
2026-05-01 03:58:58 [WARNING] fno.monitor: Vega exposure -54835.7 exceeds limit 2000
2026-05-01 03:59:28 [WARNING] fno.monitor: Vega exposure -54835.7 exceeds limit 2000
2026-05-01 03:59:58 [WARNING] fno.monitor: Vega exposure -54835.7 exceeds limit 2000
2026-05-01 04:00:28 [WARNING] fno.monitor: Vega exposure -54835.7 exceeds limit 2000
2026-05-01 04:00:28 [INFO] fno: Monitor cycle 20: open=3, exits=0, warnings=1
2026-05-01 04:00:58 [WARNING] fno.monitor: Vega exposure -54835.7 exceeds limit 2000
2026-05-01 04:01:28 [WARNING] fno.monitor: Vega exposure -54835.7 exceeds limit 2000
2026-05-01 04:01:58 [WARNING] fno.monitor: Vega exposure -54835.7 exceeds limit 2000
2026-05-01 04:02:28 [WARNING] fno.monitor: Vega exposure -54835.7 exceeds limit 2000
2026-05-01 04:02:58 [WARNING] fno.monitor: Vega exposure -54835.7 exceeds limit 2000
2026-05-01 04:03:28 [WARNING] fno.monitor: Vega exposure -54835.7 exceeds limit 2000
2026-05-01 04:03:58 [WARNING] fno.monitor: Vega exposure -54835.7 exceeds limit 2000
2026-05-01 04:04:28 [WARNING] fno.monitor: Vega exposure -54835.7 exceeds limit 2000
2026-05-01 04:04:58 [WARNING] fno.monitor: Vega exposure -54835.7 exceeds limit 2000
2026-05-01 04:05:28 [WARNING] fno.monitor: Vega exposure -54835.7 exceeds limit 2000
2026-05-01 04:05:28 [INFO] fno: Monitor cycle 30: open=3, exits=0, warnings=1
2026-05-01 04:05:58 [WARNING] fno.monitor: Vega exposure -54835.7 exceeds limit 2000
2026-05-01 04:06:28 [WARNING] fno.monitor: Vega exposure -54835.7 exceeds limit 2000
2026-05-01 04:06:58 [WARNING] fno.monitor: Vega exposure -54835.7 exceeds limit 2000
2026-05-01 04:07:28 [WARNING] fno.monitor: Vega exposure -54835.7 exceeds limit 2000
2026-05-01 04:07:58 [WARNING] fno.monitor: Vega exposure -54835.7 exceeds limit 2000
2026-05-01 04:08:28 [WARNING] fno.monitor: Vega exposure -54835.7 exceeds limit 2000
2026-05-01 04:08:58 [WARNING] fno.monitor: Vega exposure -54835.7 exceeds limit 2000
2026-05-01 04:09:28 [WARNING] fno.monitor: Vega exposure -54835.7 exceeds limit 2000
2026-05-01 04:09:58 [WARNING] fno.monitor: Vega exposure -54835.7 exceeds limit 2000
2026-05-01 04:10:28 [WARNING] fno.monitor: Vega exposure -54835.7 exceeds limit 2000
2026-05-01 04:10:28 [INFO] fno: Monitor cycle 40: open=3, exits=0, warnings=1
2026-05-01 04:10:58 [WARNING] fno.monitor: Vega exposure -54835.7 exceeds limit 2000
2026-05-01 04:11:28 [WARNING] fno.monitor: Vega exposure -54835.7 exceeds limit 2000
2026-05-01 04:11:58 [WARNING] fno.monitor: Vega exposure -54835.7 exceeds limit 2000
2026-05-01 04:12:28 [WARNING] fno.monitor: Vega exposure -54835.7 exceeds limit 2000
2026-05-01 04:12:58 [WARNING] fno.monitor: Vega exposure -54835.7 exceeds limit 2000
2026-05-01 04:13:28 [WARNING] fno.monitor: Vega exposure -54835.7 exceeds limit 2000
2026-05-01 04:13:58 [WARNING] fno.monitor: Vega exposure -54835.7 exceeds limit 2000
2026-05-01 04:14:28 [WARNING] fno.monitor: Vega exposure -54835.7 exceeds limit 2000
2026-05-01 04:14:58 [WARNING] fno.monitor: Vega exposure -54835.7 exceeds limit 2000
2026-05-01 04:15:28 [WARNING] fno.monitor: Vega exposure -54835.7 exceeds limit 2000
2026-05-01 04:15:28 [INFO] fno: Monitor cycle 50: open=3, exits=0, warnings=1
2026-05-01 04:15:58 [WARNING] fno.monitor: Vega exposure -54835.7 exceeds limit 2000
2026-05-01 04:16:28 [WARNING] fno.monitor: Vega exposure -54835.7 exceeds limit 2000
2026-05-01 04:16:58 [WARNING] fno.monitor: Vega exposure -54835.7 exceeds limit 2000
2026-05-01 04:17:28 [WARNING] fno.monitor: Vega exposure -54835.7 exceeds limit 2000
2026-05-01 04:17:58 [WARNING] fno.monitor: Vega exposure -54835.7 exceeds limit 2000
2026-05-01 04:18:28 [WARNING] fno.monitor: Vega exposure -54835.7 exceeds limit 2000
2026-05-01 04:18:58 [WARNING] fno.monitor: Vega exposure -54835.7 exceeds limit 2000
2026-05-01 04:19:28 [WARNING] fno.monitor: Vega exposure -54835.7 exceeds limit 2000
2026-05-01 04:19:58 [WARNING] fno.monitor: Vega exposure -54835.7 exceeds limit 2000
2026-05-01 04:20:28 [WARNING] fno.monitor: Vega exposure -54835.7 exceeds limit 2000
2026-05-01 04:20:28 [INFO] fno: Monitor cycle 60: open=3, exits=0, warnings=1
2026-05-01 04:20:58 [WARNING] fno.monitor: Vega exposure -54835.7 exceeds limit 2000
2026-05-01 04:21:28 [WARNING] fno.monitor: Vega exposure -54835.7 exceeds limit 2000
2026-05-01 04:21:58 [WARNING] fno.monitor: Vega exposure -54835.7 exceeds limit 2000
2026-05-01 04:22:28 [WARNING] fno.monitor: Vega exposure -54835.7 exceeds limit 2000
2026-05-01 04:22:58 [WARNING] fno.monitor: Vega exposure -54835.7 exceeds limit 2000
2026-05-01 04:23:28 [WARNING] fno.monitor: Vega exposure -54835.7 exceeds limit 2000
2026-05-01 04:23:58 [WARNING] fno.monitor: Vega exposure -54835.7 exceeds limit 2000
2026-05-01 04:24:28 [WARNING] fno.monitor: Vega exposure -54835.7 exceeds limit 2000
2026-05-01 04:24:58 [WARNING] fno.monitor: Vega exposure -54835.7 exceeds limit 2000
2026-05-01 04:25:28 [WARNING] fno.monitor: Vega exposure -54835.7 exceeds limit 2000
2026-05-01 04:25:28 [INFO] fno: Monitor cycle 70: open=3, exits=0, warnings=1
2026-05-01 04:25:58 [WARNING] fno.monitor: Vega exposure -54835.7 exceeds limit 2000
2026-05-01 04:26:28 [WARNING] fno.monitor: Vega exposure -54835.7 exceeds limit 2000
2026-05-01 04:26:58 [WARNING] fno.monitor: Vega exposure -54835.7 exceeds limit 2000
2026-05-01 04:27:28 [WARNING] fno.monitor: Vega exposure -54835.7 exceeds limit 2000
2026-05-01 04:27:58 [WARNING] fno.monitor: Vega exposure -54835.7 exceeds limit 2000
2026-05-01 04:28:28 [WARNING] fno.monitor: Vega exposure -54835.7 exceeds limit 2000
2026-05-01 04:28:58 [WARNING] fno.monitor: Vega exposure -54835.7 exceeds limit 2000
2026-05-01 04:29:28 [WARNING] fno.monitor: Vega exposure -54835.7 exceeds limit 2000
2026-05-01 04:29:58 [WARNING] fno.monitor: Vega exposure -54835.7 exceeds limit 2000
2026-05-01 04:30:28 [WARNING] fno.monitor: Vega exposure -54835.7 exceeds limit 2000
2026-05-01 04:30:28 [INFO] fno: Monitor cycle 80: open=3, exits=0, warnings=1
2026-05-01 04:30:58 [WARNING] fno.monitor: Vega exposure -54835.7 exceeds limit 2000
2026-05-01 04:31:28 [WARNING] fno.monitor: Vega exposure -54835.7 exceeds limit 2000
2026-05-01 04:31:58 [WARNING] fno.monitor: Vega exposure -54835.7 exceeds limit 2000
2026-05-01 04:32:28 [WARNING] fno.monitor: Vega exposure -54835.7 exceeds limit 2000
2026-05-01 04:32:58 [WARNING] fno.monitor: Vega exposure -54835.7 exceeds limit 2000
2026-05-01 04:33:28 [WARNING] fno.monitor: Vega exposure -54835.7 exceeds limit 2000
2026-05-01 04:33:58 [WARNING] fno.monitor: Vega exposure -54835.7 exceeds limit 2000
2026-05-01 04:34:28 [WARNING] fno.monitor: Vega exposure -54835.7 exceeds limit 2000
2026-05-01 04:34:58 [WARNING] fno.monitor: Vega exposure -54835.7 exceeds limit 2000
2026-05-01 04:35:28 [WARNING] fno.monitor: Vega exposure -54835.7 exceeds limit 2000
2026-05-01 04:35:28 [INFO] fno: Monitor cycle 90: open=3, exits=0, warnings=1
2026-05-01 04:35:58 [WARNING] fno.monitor: Vega exposure -54835.7 exceeds limit 2000
2026-05-01 04:36:28 [WARNING] fno.monitor: Vega exposure -54835.7 exceeds limit 2000
2026-05-01 04:36:58 [WARNING] fno.monitor: Vega exposure -54835.7 exceeds limit 2000
2026-05-01 04:37:28 [WARNING] fno.monitor: Vega exposure -54835.7 exceeds limit 2000
2026-05-01 04:37:58 [WARNING] fno.monitor: Vega exposure -54835.7 exceeds limit 2000
2026-05-01 04:38:28 [WARNING] fno.monitor: Vega exposure -54835.7 exceeds limit 2000
2026-05-01 04:38:58 [WARNING] fno.monitor: Vega exposure -54835.7 exceeds limit 2000
2026-05-01 04:39:28 [WARNING] fno.monitor: Vega exposure -54835.7 exceeds limit 2000
2026-05-01 04:39:58 [WARNING] fno.monitor: Vega exposure -54835.7 exceeds limit 2000
2026-05-01 04:40:28 [WARNING] fno.monitor: Vega exposure -54835.7 exceeds limit 2000
2026-05-01 04:40:28 [INFO] fno: Monitor cycle 100: open=3, exits=0, warnings=1
2026-05-01 04:40:58 [WARNING] fno.monitor: Vega exposure -54835.7 exceeds limit 2000
2026-05-01 04:41:28 [WARNING] fno.monitor: Vega exposure -54835.7 exceeds limit 2000
2026-05-01 04:41:58 [WARNING] fno.monitor: Vega exposure -54835.7 exceeds limit 2000
2026-05-01 04:42:28 [WARNING] fno.monitor: Vega exposure -54835.7 exceeds limit 2000
2026-05-01 04:42:58 [WARNING] fno.monitor: Vega exposure -54835.7 exceeds limit 2000
2026-05-01 04:43:28 [WARNING] fno.monitor: Vega exposure -54835.7 exceeds limit 2000
2026-05-01 04:43:58 [WARNING] fno.monitor: Vega exposure -54835.7 exceeds limit 2000
2026-05-01 04:44:28 [WARNING] fno.monitor: Vega exposure -54835.7 exceeds limit 2000
2026-05-01 04:44:58 [WARNING] fno.monitor: Vega exposure -54835.7 exceeds limit 2000
2026-05-01 04:45:28 [WARNING] fno.monitor: Vega exposure -54835.7 exceeds limit 2000
2026-05-01 04:45:28 [INFO] fno: Monitor cycle 110: open=3, exits=0, warnings=1
2026-05-01 04:45:58 [WARNING] fno.monitor: Vega exposure -54835.7 exceeds limit 2000
2026-05-01 04:46:28 [WARNING] fno.monitor: Vega exposure -54835.7 exceeds limit 2000
2026-05-01 04:46:58 [WARNING] fno.monitor: Vega exposure -54835.7 exceeds limit 2000
2026-05-01 04:47:28 [WARNING] fno.monitor: Vega exposure -54835.7 exceeds limit 2000
2026-05-01 04:47:58 [WARNING] fno.monitor: Vega exposure -54835.7 exceeds limit 2000
2026-05-01 04:48:28 [WARNING] fno.monitor: Vega exposure -54835.7 exceeds limit 2000
2026-05-01 04:48:58 [WARNING] fno.monitor: Vega exposure -54835.7 exceeds limit 2000
2026-05-01 04:49:28 [WARNING] fno.monitor: Vega exposure -54835.7 exceeds limit 2000
2026-05-01 04:49:58 [WARNING] fno.monitor: Vega exposure -54835.7 exceeds limit 2000
2026-05-01 04:50:28 [WARNING] fno.monitor: Vega exposure -54835.7 exceeds limit 2000
2026-05-01 04:50:28 [INFO] fno: Monitor cycle 120: open=3, exits=0, warnings=1
2026-05-01 04:50:58 [WARNING] fno.monitor: Vega exposure -54835.7 exceeds limit 2000
2026-05-01 04:51:28 [WARNING] fno.monitor: Vega exposure -54835.7 exceeds limit 2000
2026-05-01 04:51:58 [WARNING] fno.monitor: Vega exposure -54835.7 exceeds limit 2000
2026-05-01 04:52:28 [WARNING] fno.monitor: Vega exposure -54835.7 exceeds limit 2000
2026-05-01 04:52:58 [WARNING] fno.monitor: Vega exposure -54835.7 exceeds limit 2000
2026-05-01 04:53:28 [WARNING] fno.monitor: Vega exposure -54835.7 exceeds limit 2000
2026-05-01 04:53:58 [WARNING] fno.monitor: Vega exposure -54835.7 exceeds limit 2000
2026-05-01 04:54:28 [WARNING] fno.monitor: Vega exposure -54835.7 exceeds limit 2000
2026-05-01 04:54:58 [WARNING] fno.monitor: Vega exposure -54835.7 exceeds limit 2000
2026-05-01 04:55:28 [WARNING] fno.monitor: Vega exposure -54835.7 exceeds limit 2000
2026-05-01 04:55:28 [INFO] fno: Monitor cycle 130: open=3, exits=0, warnings=1
2026-05-01 04:55:58 [WARNING] fno.monitor: Vega exposure -54835.7 exceeds limit 2000
2026-05-01 04:56:28 [WARNING] fno.monitor: Vega exposure -54835.7 exceeds limit 2000
2026-05-01 04:56:58 [WARNING] fno.monitor: Vega exposure -54835.7 exceeds limit 2000
2026-05-01 04:57:28 [WARNING] fno.monitor: Vega exposure -54835.7 exceeds limit 2000
2026-05-01 04:57:58 [WARNING] fno.monitor: Vega exposure -54835.7 exceeds limit 2000
2026-05-01 04:58:28 [WARNING] fno.monitor: Vega exposure -54835.7 exceeds limit 2000
2026-05-01 04:58:58 [WARNING] fno.monitor: Vega exposure -54835.7 exceeds limit 2000
2026-05-01 04:59:28 [WARNING] fno.monitor: Vega exposure -54835.7 exceeds limit 2000
2026-05-01 04:59:58 [WARNING] fno.monitor: Vega exposure -54835.7 exceeds limit 2000
2026-05-01 05:00:28 [WARNING] fno.monitor: Vega exposure -54835.7 exceeds limit 2000
2026-05-01 05:00:28 [INFO] fno: Monitor cycle 140: open=3, exits=0, warnings=1
2026-05-01 05:00:58 [WARNING] fno.monitor: Vega exposure -54835.7 exceeds limit 2000
2026-05-01 05:01:28 [WARNING] fno.monitor: Vega exposure -54835.7 exceeds limit 2000
2026-05-01 05:01:58 [WARNING] fno.monitor: Vega exposure -54835.7 exceeds limit 2000
2026-05-01 05:02:28 [WARNING] fno.monitor: Vega exposure -54835.7 exceeds limit 2000
2026-05-01 05:02:58 [WARNING] fno.monitor: Vega exposure -54835.7 exceeds limit 2000
2026-05-01 05:03:28 [WARNING] fno.monitor: Vega exposure -54835.7 exceeds limit 2000
2026-05-01 05:03:58 [WARNING] fno.monitor: Vega exposure -54835.7 exceeds limit 2000
2026-05-01 05:04:28 [WARNING] fno.monitor: Vega exposure -54835.7 exceeds limit 2000
2026-05-01 05:04:58 [WARNING] fno.monitor: Vega exposure -54835.7 exceeds limit 2000
2026-05-01 05:05:28 [WARNING] fno.monitor: Vega exposure -54835.7 exceeds limit 2000
2026-05-01 05:05:28 [INFO] fno: Monitor cycle 150: open=3, exits=0, warnings=1
2026-05-01 05:05:58 [WARNING] fno.monitor: Vega exposure -54835.7 exceeds limit 2000
2026-05-01 05:06:28 [WARNING] fno.monitor: Vega exposure -54835.7 exceeds limit 2000
2026-05-01 05:06:58 [WARNING] fno.monitor: Vega exposure -54835.7 exceeds limit 2000
2026-05-01 05:07:28 [WARNING] fno.monitor: Vega exposure -54835.7 exceeds limit 2000
2026-05-01 05:07:58 [WARNING] fno.monitor: Vega exposure -54835.7 exceeds limit 2000
2026-05-01 05:08:28 [WARNING] fno.monitor: Vega exposure -54835.7 exceeds limit 2000
2026-05-01 05:08:58 [WARNING] fno.monitor: Vega exposure -54835.7 exceeds limit 2000
2026-05-01 05:09:28 [WARNING] fno.monitor: Vega exposure -54835.7 exceeds limit 2000
2026-05-01 05:09:58 [WARNING] fno.monitor: Vega exposure -54835.7 exceeds limit 2000
2026-05-01 05:10:28 [WARNING] fno.monitor: Vega exposure -54835.7 exceeds limit 2000
2026-05-01 05:10:28 [INFO] fno: Monitor cycle 160: open=3, exits=0, warnings=1
2026-05-01 05:10:58 [WARNING] fno.monitor: Vega exposure -54835.7 exceeds limit 2000
2026-05-01 05:11:28 [WARNING] fno.monitor: Vega exposure -54835.7 exceeds limit 2000
2026-05-01 05:11:58 [WARNING] fno.monitor: Vega exposure -54835.7 exceeds limit 2000
2026-05-01 05:12:28 [WARNING] fno.monitor: Vega exposure -54835.7 exceeds limit 2000
2026-05-01 05:12:58 [WARNING] fno.monitor: Vega exposure -54835.7 exceeds limit 2000
2026-05-01 05:13:28 [WARNING] fno.monitor: Vega exposure -54835.7 exceeds limit 2000
2026-05-01 05:13:58 [WARNING] fno.monitor: Vega exposure -54835.7 exceeds limit 2000
2026-05-01 05:14:28 [WARNING] fno.monitor: Vega exposure -54835.7 exceeds limit 2000
2026-05-01 05:14:58 [WARNING] fno.monitor: Vega exposure -54835.7 exceeds limit 2000
2026-05-01 05:15:28 [WARNING] fno.monitor: Vega exposure -54835.7 exceeds limit 2000
2026-05-01 05:15:28 [INFO] fno: Monitor cycle 170: open=3, exits=0, warnings=1
2026-05-01 05:15:58 [WARNING] fno.monitor: Vega exposure -54835.7 exceeds limit 2000
2026-05-01 05:16:29 [WARNING] fno.monitor: Vega exposure -54835.7 exceeds limit 2000
2026-05-01 05:16:59 [WARNING] fno.monitor: Vega exposure -54835.7 exceeds limit 2000
2026-05-01 05:17:29 [WARNING] fno.monitor: Vega exposure -54835.7 exceeds limit 2000
2026-05-01 05:17:59 [WARNING] fno.monitor: Vega exposure -54835.7 exceeds limit 2000
2026-05-01 05:18:29 [WARNING] fno.monitor: Vega exposure -54835.7 exceeds limit 2000
2026-05-01 05:18:59 [WARNING] fno.monitor: Vega exposure -54835.7 exceeds limit 2000
2026-05-01 05:19:29 [WARNING] fno.monitor: Vega exposure -54835.7 exceeds limit 2000
2026-05-01 05:19:59 [WARNING] fno.monitor: Vega exposure -54835.7 exceeds limit 2000
2026-05-01 05:20:29 [WARNING] fno.monitor: Vega exposure -54835.7 exceeds limit 2000
2026-05-01 05:20:29 [INFO] fno: Monitor cycle 180: open=3, exits=0, warnings=1
2026-05-01 05:20:59 [WARNING] fno.monitor: Vega exposure -54835.7 exceeds limit 2000
2026-05-01 05:21:29 [WARNING] fno.monitor: Vega exposure -54835.7 exceeds limit 2000
2026-05-01 05:21:59 [WARNING] fno.monitor: Vega exposure -54835.7 exceeds limit 2000
2026-05-01 05:22:29 [WARNING] fno.monitor: Vega exposure -54835.7 exceeds limit 2000
2026-05-01 05:22:59 [WARNING] fno.monitor: Vega exposure -54835.7 exceeds limit 2000
2026-05-01 05:23:29 [WARNING] fno.monitor: Vega exposure -54835.7 exceeds limit 2000
2026-05-01 05:23:59 [WARNING] fno.monitor: Vega exposure -54835.7 exceeds limit 2000
2026-05-01 05:24:29 [WARNING] fno.monitor: Vega exposure -54835.7 exceeds limit 2000
2026-05-01 05:24:59 [WARNING] fno.monitor: Vega exposure -54835.7 exceeds limit 2000
2026-05-01 05:25:29 [WARNING] fno.monitor: Vega exposure -54835.7 exceeds limit 2000
2026-05-01 05:25:29 [INFO] fno: Monitor cycle 190: open=3, exits=0, warnings=1
2026-05-01 05:25:59 [WARNING] fno.monitor: Vega exposure -54835.7 exceeds limit 2000
2026-05-01 05:26:29 [WARNING] fno.monitor: Vega exposure -54835.7 exceeds limit 2000
2026-05-01 05:26:59 [WARNING] fno.monitor: Vega exposure -54835.7 exceeds limit 2000
2026-05-01 05:27:29 [WARNING] fno.monitor: Vega exposure -54835.7 exceeds limit 2000
2026-05-01 05:27:59 [WARNING] fno.monitor: Vega exposure -54835.7 exceeds limit 2000
2026-05-01 05:28:29 [WARNING] fno.monitor: Vega exposure -54835.7 exceeds limit 2000
2026-05-01 05:28:59 [WARNING] fno.monitor: Vega exposure -54835.7 exceeds limit 2000
2026-05-01 05:29:29 [WARNING] fno.monitor: Vega exposure -54835.7 exceeds limit 2000
2026-05-01 05:29:59 [WARNING] fno.monitor: Vega exposure -54835.7 exceeds limit 2000
2026-05-01 05:30:29 [WARNING] fno.monitor: Vega exposure -54835.7 exceeds limit 2000
2026-05-01 05:30:29 [INFO] fno: Monitor cycle 200: open=3, exits=0, warnings=1
2026-05-01 05:30:59 [WARNING] fno.monitor: Vega exposure -54835.7 exceeds limit 2000
2026-05-01 05:31:29 [WARNING] fno.monitor: Vega exposure -54835.7 exceeds limit 2000
2026-05-01 05:31:59 [WARNING] fno.monitor: Vega exposure -54835.7 exceeds limit 2000
2026-05-01 05:32:29 [WARNING] fno.monitor: Vega exposure -54835.7 exceeds limit 2000
2026-05-01 05:32:59 [WARNING] fno.monitor: Vega exposure -54835.7 exceeds limit 2000
2026-05-01 05:33:29 [WARNING] fno.monitor: Vega exposure -54835.7 exceeds limit 2000
2026-05-01 05:33:59 [WARNING] fno.monitor: Vega exposure -54835.7 exceeds limit 2000
2026-05-01 05:34:29 [WARNING] fno.monitor: Vega exposure -54835.7 exceeds limit 2000
2026-05-01 05:34:59 [WARNING] fno.monitor: Vega exposure -54835.7 exceeds limit 2000
2026-05-01 05:35:29 [WARNING] fno.monitor: Vega exposure -54835.7 exceeds limit 2000
2026-05-01 05:35:29 [INFO] fno: Monitor cycle 210: open=3, exits=0, warnings=1
2026-05-01 05:35:59 [WARNING] fno.monitor: Vega exposure -54835.7 exceeds limit 2000
2026-05-01 05:36:29 [WARNING] fno.monitor: Vega exposure -54835.7 exceeds limit 2000
2026-05-01 05:36:59 [WARNING] fno.monitor: Vega exposure -54835.7 exceeds limit 2000
2026-05-01 05:37:29 [WARNING] fno.monitor: Vega exposure -54835.7 exceeds limit 2000
2026-05-01 05:37:59 [WARNING] fno.monitor: Vega exposure -54835.7 exceeds limit 2000
2026-05-01 05:38:29 [WARNING] fno.monitor: Vega exposure -54835.7 exceeds limit 2000
2026-05-01 05:38:59 [WARNING] fno.monitor: Vega exposure -54835.7 exceeds limit 2000
2026-05-01 05:39:29 [WARNING] fno.monitor: Vega exposure -54835.7 exceeds limit 2000
2026-05-01 05:39:59 [WARNING] fno.monitor: Vega exposure -54835.7 exceeds limit 2000
2026-05-01 05:40:29 [WARNING] fno.monitor: Vega exposure -54835.7 exceeds limit 2000
2026-05-01 05:40:29 [INFO] fno: Monitor cycle 220: open=3, exits=0, warnings=1
2026-05-01 05:40:59 [WARNING] fno.monitor: Vega exposure -54835.7 exceeds limit 2000
2026-05-01 05:41:29 [WARNING] fno.monitor: Vega exposure -54835.7 exceeds limit 2000
2026-05-01 05:41:59 [WARNING] fno.monitor: Vega exposure -54835.7 exceeds limit 2000
2026-05-01 05:42:29 [WARNING] fno.monitor: Vega exposure -54835.7 exceeds limit 2000
2026-05-01 05:42:59 [WARNING] fno.monitor: Vega exposure -54835.7 exceeds limit 2000
2026-05-01 05:43:29 [WARNING] fno.monitor: Vega exposure -54835.7 exceeds limit 2000
2026-05-01 05:43:59 [WARNING] fno.monitor: Vega exposure -54835.7 exceeds limit 2000
2026-05-01 05:44:29 [WARNING] fno.monitor: Vega exposure -54835.7 exceeds limit 2000
2026-05-01 05:44:59 [WARNING] fno.monitor: Vega exposure -54835.7 exceeds limit 2000
2026-05-01 05:45:29 [WARNING] fno.monitor: Vega exposure -54835.7 exceeds limit 2000
2026-05-01 05:45:29 [INFO] fno: Monitor cycle 230: open=3, exits=0, warnings=1
2026-05-01 05:45:59 [WARNING] fno.monitor: Vega exposure -54835.7 exceeds limit 2000
2026-05-01 05:46:29 [WARNING] fno.monitor: Vega exposure -54835.7 exceeds limit 2000
2026-05-01 05:46:59 [WARNING] fno.monitor: Vega exposure -54835.7 exceeds limit 2000
2026-05-01 05:47:29 [WARNING] fno.monitor: Vega exposure -54835.7 exceeds limit 2000
2026-05-01 05:47:59 [WARNING] fno.monitor: Vega exposure -54835.7 exceeds limit 2000
2026-05-01 05:48:29 [WARNING] fno.monitor: Vega exposure -54835.7 exceeds limit 2000
2026-05-01 05:48:59 [WARNING] fno.monitor: Vega exposure -54835.7 exceeds limit 2000
2026-05-01 05:49:29 [WARNING] fno.monitor: Vega exposure -54835.7 exceeds limit 2000
2026-05-01 05:49:59 [WARNING] fno.monitor: Vega exposure -54835.7 exceeds limit 2000
2026-05-01 05:50:29 [WARNING] fno.monitor: Vega exposure -54835.7 exceeds limit 2000
2026-05-01 05:50:29 [INFO] fno: Monitor cycle 240: open=3, exits=0, warnings=1
2026-05-01 05:50:59 [WARNING] fno.monitor: Vega exposure -54835.7 exceeds limit 2000
2026-05-01 05:51:29 [WARNING] fno.monitor: Vega exposure -54835.7 exceeds limit 2000
2026-05-01 05:51:59 [WARNING] fno.monitor: Vega exposure -54835.7 exceeds limit 2000
2026-05-01 05:52:29 [WARNING] fno.monitor: Vega exposure -54835.7 exceeds limit 2000
2026-05-01 05:52:59 [WARNING] fno.monitor: Vega exposure -54835.7 exceeds limit 2000
2026-05-01 05:53:29 [WARNING] fno.monitor: Vega exposure -54835.7 exceeds limit 2000
2026-05-01 05:53:59 [WARNING] fno.monitor: Vega exposure -54835.7 exceeds limit 2000
2026-05-01 05:54:29 [WARNING] fno.monitor: Vega exposure -54835.7 exceeds limit 2000
2026-05-01 05:54:59 [WARNING] fno.monitor: Vega exposure -54835.7 exceeds limit 2000
2026-05-01 05:55:29 [WARNING] fno.monitor: Vega exposure -54835.7 exceeds limit 2000
2026-05-01 05:55:29 [INFO] fno: Monitor cycle 250: open=3, exits=0, warnings=1
2026-05-01 05:55:59 [WARNING] fno.monitor: Vega exposure -54835.7 exceeds limit 2000
2026-05-01 05:56:29 [WARNING] fno.monitor: Vega exposure -54835.7 exceeds limit 2000
2026-05-01 05:56:59 [WARNING] fno.monitor: Vega exposure -54835.7 exceeds limit 2000
2026-05-01 05:57:29 [WARNING] fno.monitor: Vega exposure -54835.7 exceeds limit 2000
2026-05-01 05:57:59 [WARNING] fno.monitor: Vega exposure -54835.7 exceeds limit 2000
2026-05-01 05:58:29 [WARNING] fno.monitor: Vega exposure -54835.7 exceeds limit 2000
2026-05-01 05:58:59 [WARNING] fno.monitor: Vega exposure -54835.7 exceeds limit 2000
2026-05-01 05:59:29 [WARNING] fno.monitor: Vega exposure -54835.7 exceeds limit 2000
2026-05-01 05:59:59 [WARNING] fno.monitor: Vega exposure -54835.7 exceeds limit 2000
2026-05-01 06:00:29 [WARNING] fno.monitor: Vega exposure -54835.7 exceeds limit 2000
2026-05-01 06:00:29 [INFO] fno: Monitor cycle 260: open=3, exits=0, warnings=1
2026-05-01 06:00:59 [WARNING] fno.monitor: Vega exposure -54835.7 exceeds limit 2000
2026-05-01 06:01:29 [WARNING] fno.monitor: Vega exposure -54835.7 exceeds limit 2000
2026-05-01 06:01:59 [WARNING] fno.monitor: Vega exposure -54835.7 exceeds limit 2000
2026-05-01 06:02:29 [WARNING] fno.monitor: Vega exposure -54835.7 exceeds limit 2000
2026-05-01 06:02:59 [WARNING] fno.monitor: Vega exposure -54835.7 exceeds limit 2000
2026-05-01 06:03:29 [WARNING] fno.monitor: Vega exposure -54835.7 exceeds limit 2000
2026-05-01 06:03:59 [WARNING] fno.monitor: Vega exposure -54835.7 exceeds limit 2000
2026-05-01 06:04:29 [WARNING] fno.monitor: Vega exposure -54835.7 exceeds limit 2000
2026-05-01 06:04:59 [WARNING] fno.monitor: Vega exposure -54835.7 exceeds limit 2000
2026-05-01 06:05:29 [WARNING] fno.monitor: Vega exposure -54835.7 exceeds limit 2000
2026-05-01 06:05:29 [INFO] fno: Monitor cycle 270: open=3, exits=0, warnings=1
2026-05-01 06:05:59 [WARNING] fno.monitor: Vega exposure -54835.7 exceeds limit 2000
2026-05-01 06:06:29 [WARNING] fno.monitor: Vega exposure -54835.7 exceeds limit 2000
2026-05-01 06:06:59 [WARNING] fno.monitor: Vega exposure -54835.7 exceeds limit 2000
2026-05-01 06:07:29 [WARNING] fno.monitor: Vega exposure -54835.7 exceeds limit 2000
2026-05-01 06:07:59 [WARNING] fno.monitor: Vega exposure -54835.7 exceeds limit 2000
2026-05-01 06:08:29 [WARNING] fno.monitor: Vega exposure -54835.7 exceeds limit 2000
2026-05-01 06:08:59 [WARNING] fno.monitor: Vega exposure -54835.7 exceeds limit 2000
2026-05-01 06:09:29 [WARNING] fno.monitor: Vega exposure -54835.7 exceeds limit 2000
2026-05-01 06:09:59 [WARNING] fno.monitor: Vega exposure -54835.7 exceeds limit 2000
2026-05-01 06:10:29 [WARNING] fno.monitor: Vega exposure -54835.7 exceeds limit 2000
2026-05-01 06:10:29 [INFO] fno: Monitor cycle 280: open=3, exits=0, warnings=1
2026-05-01 06:10:59 [WARNING] fno.monitor: Vega exposure -54835.7 exceeds limit 2000
2026-05-01 06:11:29 [WARNING] fno.monitor: Vega exposure -54835.7 exceeds limit 2000
2026-05-01 06:11:59 [WARNING] fno.monitor: Vega exposure -54835.7 exceeds limit 2000
2026-05-01 06:12:29 [WARNING] fno.monitor: Vega exposure -54835.7 exceeds limit 2000
2026-05-01 06:12:59 [WARNING] fno.monitor: Vega exposure -54835.7 exceeds limit 2000
2026-05-01 06:13:29 [WARNING] fno.monitor: Vega exposure -54835.7 exceeds limit 2000
2026-05-01 06:13:59 [WARNING] fno.monitor: Vega exposure -54835.7 exceeds limit 2000
2026-05-01 06:14:29 [WARNING] fno.monitor: Vega exposure -54835.7 exceeds limit 2000
2026-05-01 06:14:59 [WARNING] fno.monitor: Vega exposure -54835.7 exceeds limit 2000
2026-05-01 06:15:29 [WARNING] fno.monitor: Vega exposure -54835.7 exceeds limit 2000
2026-05-01 06:15:29 [INFO] fno: Monitor cycle 290: open=3, exits=0, warnings=1
2026-05-01 06:15:59 [WARNING] fno.monitor: Vega exposure -54835.7 exceeds limit 2000
2026-05-01 06:16:29 [WARNING] fno.monitor: Vega exposure -54835.7 exceeds limit 2000
2026-05-01 06:16:59 [WARNING] fno.monitor: Vega exposure -54835.7 exceeds limit 2000
2026-05-01 06:17:29 [WARNING] fno.monitor: Vega exposure -54835.7 exceeds limit 2000
2026-05-01 06:17:59 [WARNING] fno.monitor: Vega exposure -54835.7 exceeds limit 2000
2026-05-01 06:18:29 [WARNING] fno.monitor: Vega exposure -54835.7 exceeds limit 2000
2026-05-01 06:18:59 [WARNING] fno.monitor: Vega exposure -54835.7 exceeds limit 2000
2026-05-01 06:19:29 [WARNING] fno.monitor: Vega exposure -54835.7 exceeds limit 2000
2026-05-01 06:19:59 [WARNING] fno.monitor: Vega exposure -54835.7 exceeds limit 2000
2026-05-01 06:20:29 [WARNING] fno.monitor: Vega exposure -54835.7 exceeds limit 2000
2026-05-01 06:20:29 [INFO] fno: Monitor cycle 300: open=3, exits=0, warnings=1
2026-05-01 06:20:59 [WARNING] fno.monitor: Vega exposure -54835.7 exceeds limit 2000
2026-05-01 06:21:29 [WARNING] fno.monitor: Vega exposure -54835.7 exceeds limit 2000
2026-05-01 06:21:59 [WARNING] fno.monitor: Vega exposure -54835.7 exceeds limit 2000
2026-05-01 06:22:29 [WARNING] fno.monitor: Vega exposure -54835.7 exceeds limit 2000
2026-05-01 06:22:59 [WARNING] fno.monitor: Vega exposure -54835.7 exceeds limit 2000
2026-05-01 06:23:29 [WARNING] fno.monitor: Vega exposure -54835.7 exceeds limit 2000
2026-05-01 06:23:59 [WARNING] fno.monitor: Vega exposure -54835.7 exceeds limit 2000
2026-05-01 06:24:29 [WARNING] fno.monitor: Vega exposure -54835.7 exceeds limit 2000
2026-05-01 06:24:59 [WARNING] fno.monitor: Vega exposure -54835.7 exceeds limit 2000
2026-05-01 06:25:29 [WARNING] fno.monitor: Vega exposure -54835.7 exceeds limit 2000
2026-05-01 06:25:29 [INFO] fno: Monitor cycle 310: open=3, exits=0, warnings=1
2026-05-01 06:25:59 [WARNING] fno.monitor: Vega exposure -54835.7 exceeds limit 2000
2026-05-01 06:26:29 [WARNING] fno.monitor: Vega exposure -54835.7 exceeds limit 2000
2026-05-01 06:26:59 [WARNING] fno.monitor: Vega exposure -54835.7 exceeds limit 2000
2026-05-01 06:27:29 [WARNING] fno.monitor: Vega exposure -54835.7 exceeds limit 2000
2026-05-01 06:27:59 [WARNING] fno.monitor: Vega exposure -54835.7 exceeds limit 2000
2026-05-01 06:28:29 [WARNING] fno.monitor: Vega exposure -54835.7 exceeds limit 2000
2026-05-01 06:28:59 [WARNING] fno.monitor: Vega exposure -54835.7 exceeds limit 2000
2026-05-01 06:29:29 [WARNING] fno.monitor: Vega exposure -54835.7 exceeds limit 2000
2026-05-01 06:29:59 [WARNING] fno.monitor: Vega exposure -54835.7 exceeds limit 2000
2026-05-01 06:30:29 [WARNING] fno.monitor: Vega exposure -54835.7 exceeds limit 2000
2026-05-01 06:30:29 [INFO] fno: Monitor cycle 320: open=3, exits=0, warnings=1
2026-05-01 06:30:59 [WARNING] fno.monitor: Vega exposure -54835.7 exceeds limit 2000
2026-05-01 06:31:29 [WARNING] fno.monitor: Vega exposure -54835.7 exceeds limit 2000
2026-05-01 06:31:59 [WARNING] fno.monitor: Vega exposure -54835.7 exceeds limit 2000
2026-05-01 06:32:29 [WARNING] fno.monitor: Vega exposure -54835.7 exceeds limit 2000
2026-05-01 06:32:59 [WARNING] fno.monitor: Vega exposure -54835.7 exceeds limit 2000
2026-05-01 06:33:29 [WARNING] fno.monitor: Vega exposure -54835.7 exceeds limit 2000
2026-05-01 06:33:59 [WARNING] fno.monitor: Vega exposure -54835.7 exceeds limit 2000
2026-05-01 06:34:29 [WARNING] fno.monitor: Vega exposure -54835.7 exceeds limit 2000
2026-05-01 06:34:59 [WARNING] fno.monitor: Vega exposure -54835.7 exceeds limit 2000
2026-05-01 06:35:29 [WARNING] fno.monitor: Vega exposure -54835.7 exceeds limit 2000
2026-05-01 06:35:29 [INFO] fno: Monitor cycle 330: open=3, exits=0, warnings=1
2026-05-01 06:35:59 [WARNING] fno.monitor: Vega exposure -54835.7 exceeds limit 2000
2026-05-01 06:36:29 [WARNING] fno.monitor: Vega exposure -54835.7 exceeds limit 2000
2026-05-01 06:36:59 [WARNING] fno.monitor: Vega exposure -54835.7 exceeds limit 2000
2026-05-01 06:37:29 [WARNING] fno.monitor: Vega exposure -54835.7 exceeds limit 2000
2026-05-01 06:37:59 [WARNING] fno.monitor: Vega exposure -54835.7 exceeds limit 2000
2026-05-01 06:38:29 [WARNING] fno.monitor: Vega exposure -54835.7 exceeds limit 2000
2026-05-01 06:38:59 [WARNING] fno.monitor: Vega exposure -54835.7 exceeds limit 2000
2026-05-01 06:39:29 [WARNING] fno.monitor: Vega exposure -54835.7 exceeds limit 2000
2026-05-01 06:39:59 [WARNING] fno.monitor: Vega exposure -54835.7 exceeds limit 2000
2026-05-01 06:40:29 [WARNING] fno.monitor: Vega exposure -54835.7 exceeds limit 2000
2026-05-01 06:40:29 [INFO] fno: Monitor cycle 340: open=3, exits=0, warnings=1
2026-05-01 06:40:59 [WARNING] fno.monitor: Vega exposure -54835.7 exceeds limit 2000
2026-05-01 06:41:29 [WARNING] fno.monitor: Vega exposure -54835.7 exceeds limit 2000
2026-05-01 06:41:59 [WARNING] fno.monitor: Vega exposure -54835.7 exceeds limit 2000
2026-05-01 06:42:29 [WARNING] fno.monitor: Vega exposure -54835.7 exceeds limit 2000
2026-05-01 06:42:59 [WARNING] fno.monitor: Vega exposure -54835.7 exceeds limit 2000
2026-05-01 06:43:29 [WARNING] fno.monitor: Vega exposure -54835.7 exceeds limit 2000
2026-05-01 06:43:59 [WARNING] fno.monitor: Vega exposure -54835.7 exceeds limit 2000
2026-05-01 06:44:29 [WARNING] fno.monitor: Vega exposure -54835.7 exceeds limit 2000
2026-05-01 06:44:59 [WARNING] fno.monitor: Vega exposure -54835.7 exceeds limit 2000
2026-05-01 06:45:29 [WARNING] fno.monitor: Vega exposure -54835.7 exceeds limit 2000
2026-05-01 06:45:29 [INFO] fno: Monitor cycle 350: open=3, exits=0, warnings=1
2026-05-01 06:45:59 [WARNING] fno.monitor: Vega exposure -54835.7 exceeds limit 2000
2026-05-01 06:46:29 [WARNING] fno.monitor: Vega exposure -54835.7 exceeds limit 2000
2026-05-01 06:46:59 [WARNING] fno.monitor: Vega exposure -54835.7 exceeds limit 2000
2026-05-01 06:47:29 [WARNING] fno.monitor: Vega exposure -54835.7 exceeds limit 2000
2026-05-01 06:47:59 [WARNING] fno.monitor: Vega exposure -54835.7 exceeds limit 2000
2026-05-01 06:48:29 [WARNING] fno.monitor: Vega exposure -54835.7 exceeds limit 2000
2026-05-01 06:48:59 [WARNING] fno.monitor: Vega exposure -54835.7 exceeds limit 2000
2026-05-01 06:49:29 [WARNING] fno.monitor: Vega exposure -54835.7 exceeds limit 2000
2026-05-01 06:49:59 [WARNING] fno.monitor: Vega exposure -54835.7 exceeds limit 2000
2026-05-01 06:50:30 [WARNING] fno.monitor: Vega exposure -54835.7 exceeds limit 2000
2026-05-01 06:50:30 [INFO] fno: Monitor cycle 360: open=3, exits=0, warnings=1
2026-05-01 06:51:00 [WARNING] fno.monitor: Vega exposure -54835.7 exceeds limit 2000
2026-05-01 06:51:30 [WARNING] fno.monitor: Vega exposure -54835.7 exceeds limit 2000
2026-05-01 06:52:00 [WARNING] fno.monitor: Vega exposure -54835.7 exceeds limit 2000
2026-05-01 06:52:30 [WARNING] fno.monitor: Vega exposure -54835.7 exceeds limit 2000
2026-05-01 06:53:00 [WARNING] fno.monitor: Vega exposure -54835.7 exceeds limit 2000
2026-05-01 06:53:30 [WARNING] fno.monitor: Vega exposure -54835.7 exceeds limit 2000
2026-05-01 06:54:00 [WARNING] fno.monitor: Vega exposure -54835.7 exceeds limit 2000
2026-05-01 06:54:30 [WARNING] fno.monitor: Vega exposure -54835.7 exceeds limit 2000
2026-05-01 06:55:00 [WARNING] fno.monitor: Vega exposure -54835.7 exceeds limit 2000
2026-05-01 06:55:30 [WARNING] fno.monitor: Vega exposure -54835.7 exceeds limit 2000
2026-05-01 06:55:30 [INFO] fno: Monitor cycle 370: open=3, exits=0, warnings=1
2026-05-01 06:56:00 [WARNING] fno.monitor: Vega exposure -54835.7 exceeds limit 2000
2026-05-01 06:56:30 [WARNING] fno.monitor: Vega exposure -54835.7 exceeds limit 2000
2026-05-01 06:57:00 [WARNING] fno.monitor: Vega exposure -54835.7 exceeds limit 2000
2026-05-01 06:57:30 [WARNING] fno.monitor: Vega exposure -54835.7 exceeds limit 2000
2026-05-01 06:58:00 [WARNING] fno.monitor: Vega exposure -54835.7 exceeds limit 2000
2026-05-01 06:58:30 [WARNING] fno.monitor: Vega exposure -54835.7 exceeds limit 2000
2026-05-01 06:59:00 [WARNING] fno.monitor: Vega exposure -54835.7 exceeds limit 2000
2026-05-01 06:59:30 [WARNING] fno.monitor: Vega exposure -54835.7 exceeds limit 2000
2026-05-01 07:00:00 [WARNING] fno.monitor: Vega exposure -54835.7 exceeds limit 2000
2026-05-01 07:00:30 [WARNING] fno.monitor: Vega exposure -54835.7 exceeds limit 2000
2026-05-01 07:00:30 [INFO] fno: Monitor cycle 380: open=3, exits=0, warnings=1
2026-05-01 07:01:00 [WARNING] fno.monitor: Vega exposure -54835.7 exceeds limit 2000
2026-05-01 07:01:30 [WARNING] fno.monitor: Vega exposure -54835.7 exceeds limit 2000
2026-05-01 07:02:00 [WARNING] fno.monitor: Vega exposure -54835.7 exceeds limit 2000
2026-05-01 07:02:30 [WARNING] fno.monitor: Vega exposure -54835.7 exceeds limit 2000
2026-05-01 07:03:00 [WARNING] fno.monitor: Vega exposure -54835.7 exceeds limit 2000
2026-05-01 07:03:30 [WARNING] fno.monitor: Vega exposure -54835.7 exceeds limit 2000
2026-05-01 07:04:00 [WARNING] fno.monitor: Vega exposure -54835.7 exceeds limit 2000
2026-05-01 07:04:30 [WARNING] fno.monitor: Vega exposure -54835.7 exceeds limit 2000
2026-05-01 07:05:00 [WARNING] fno.monitor: Vega exposure -54835.7 exceeds limit 2000
2026-05-01 07:05:30 [WARNING] fno.monitor: Vega exposure -54835.7 exceeds limit 2000
2026-05-01 07:05:30 [INFO] fno: Monitor cycle 390: open=3, exits=0, warnings=1
2026-05-01 07:06:00 [WARNING] fno.monitor: Vega exposure -54835.7 exceeds limit 2000
2026-05-01 07:06:30 [WARNING] fno.monitor: Vega exposure -54835.7 exceeds limit 2000
2026-05-01 07:07:00 [WARNING] fno.monitor: Vega exposure -54835.7 exceeds limit 2000
2026-05-01 07:07:30 [WARNING] fno.monitor: Vega exposure -54835.7 exceeds limit 2000
2026-05-01 07:08:00 [WARNING] fno.monitor: Vega exposure -54835.7 exceeds limit 2000
2026-05-01 07:08:30 [WARNING] fno.monitor: Vega exposure -54835.7 exceeds limit 2000
2026-05-01 07:09:00 [WARNING] fno.monitor: Vega exposure -54835.7 exceeds limit 2000
2026-05-01 07:09:30 [WARNING] fno.monitor: Vega exposure -54835.7 exceeds limit 2000
2026-05-01 07:10:00 [WARNING] fno.monitor: Vega exposure -54835.7 exceeds limit 2000
2026-05-01 07:10:30 [WARNING] fno.monitor: Vega exposure -54835.7 exceeds limit 2000
2026-05-01 07:10:30 [INFO] fno: Monitor cycle 400: open=3, exits=0, warnings=1
2026-05-01 07:11:00 [WARNING] fno.monitor: Vega exposure -54835.7 exceeds limit 2000
2026-05-01 07:11:30 [WARNING] fno.monitor: Vega exposure -54835.7 exceeds limit 2000
2026-05-01 07:12:00 [WARNING] fno.monitor: Vega exposure -54835.7 exceeds limit 2000
2026-05-01 07:12:30 [WARNING] fno.monitor: Vega exposure -54835.7 exceeds limit 2000
2026-05-01 07:13:00 [WARNING] fno.monitor: Vega exposure -54835.7 exceeds limit 2000
2026-05-01 07:13:30 [WARNING] fno.monitor: Vega exposure -54835.7 exceeds limit 2000
2026-05-01 07:14:00 [WARNING] fno.monitor: Vega exposure -54835.7 exceeds limit 2000
2026-05-01 07:14:30 [WARNING] fno.monitor: Vega exposure -54835.7 exceeds limit 2000
2026-05-01 07:15:00 [WARNING] fno.monitor: Vega exposure -54835.7 exceeds limit 2000
2026-05-01 07:15:30 [WARNING] fno.monitor: Vega exposure -54835.7 exceeds limit 2000
2026-05-01 07:15:30 [INFO] fno: Monitor cycle 410: open=3, exits=0, warnings=1
2026-05-01 07:16:00 [WARNING] fno.monitor: Vega exposure -54835.7 exceeds limit 2000
2026-05-01 07:16:30 [WARNING] fno.monitor: Vega exposure -54835.7 exceeds limit 2000
2026-05-01 07:17:00 [WARNING] fno.monitor: Vega exposure -54835.7 exceeds limit 2000
2026-05-01 07:17:30 [WARNING] fno.monitor: Vega exposure -54835.7 exceeds limit 2000
2026-05-01 07:18:00 [WARNING] fno.monitor: Vega exposure -54835.7 exceeds limit 2000
2026-05-01 07:18:30 [WARNING] fno.monitor: Vega exposure -54835.7 exceeds limit 2000
2026-05-01 07:19:00 [WARNING] fno.monitor: Vega exposure -54835.7 exceeds limit 2000
2026-05-01 07:19:30 [WARNING] fno.monitor: Vega exposure -54835.7 exceeds limit 2000
2026-05-01 07:20:00 [WARNING] fno.monitor: Vega exposure -54835.7 exceeds limit 2000
2026-05-01 07:20:30 [WARNING] fno.monitor: Vega exposure -54835.7 exceeds limit 2000
2026-05-01 07:20:30 [INFO] fno: Monitor cycle 420: open=3, exits=0, warnings=1
2026-05-01 07:21:00 [WARNING] fno.monitor: Vega exposure -54835.7 exceeds limit 2000
2026-05-01 07:21:30 [WARNING] fno.monitor: Vega exposure -54835.7 exceeds limit 2000
2026-05-01 07:22:00 [WARNING] fno.monitor: Vega exposure -54835.7 exceeds limit 2000
2026-05-01 07:22:30 [WARNING] fno.monitor: Vega exposure -54835.7 exceeds limit 2000
2026-05-01 07:23:00 [WARNING] fno.monitor: Vega exposure -54835.7 exceeds limit 2000
2026-05-01 07:23:30 [WARNING] fno.monitor: Vega exposure -54835.7 exceeds limit 2000
2026-05-01 07:24:00 [WARNING] fno.monitor: Vega exposure -54835.7 exceeds limit 2000
2026-05-01 07:24:30 [WARNING] fno.monitor: Vega exposure -54835.7 exceeds limit 2000
2026-05-01 07:25:00 [WARNING] fno.monitor: Vega exposure -54835.7 exceeds limit 2000
2026-05-01 07:25:30 [WARNING] fno.monitor: Vega exposure -54835.7 exceeds limit 2000
2026-05-01 07:25:30 [INFO] fno: Monitor cycle 430: open=3, exits=0, warnings=1
2026-05-01 07:26:00 [WARNING] fno.monitor: Vega exposure -54835.7 exceeds limit 2000
2026-05-01 07:26:30 [WARNING] fno.monitor: Vega exposure -54835.7 exceeds limit 2000
2026-05-01 07:27:00 [WARNING] fno.monitor: Vega exposure -54835.7 exceeds limit 2000
2026-05-01 07:27:30 [WARNING] fno.monitor: Vega exposure -54835.7 exceeds limit 2000
2026-05-01 07:28:00 [WARNING] fno.monitor: Vega exposure -54835.7 exceeds limit 2000
2026-05-01 07:28:30 [WARNING] fno.monitor: Vega exposure -54835.7 exceeds limit 2000
2026-05-01 07:29:00 [WARNING] fno.monitor: Vega exposure -54835.7 exceeds limit 2000
2026-05-01 07:29:30 [WARNING] fno.monitor: Vega exposure -54835.7 exceeds limit 2000
2026-05-01 07:30:00 [WARNING] fno.monitor: Vega exposure -54835.7 exceeds limit 2000
2026-05-01 07:30:30 [WARNING] fno.monitor: Vega exposure -54835.7 exceeds limit 2000
2026-05-01 07:30:30 [INFO] fno: Monitor cycle 440: open=3, exits=0, warnings=1
2026-05-01 07:31:00 [WARNING] fno.monitor: Vega exposure -54835.7 exceeds limit 2000
2026-05-01 07:31:30 [WARNING] fno.monitor: Vega exposure -54835.7 exceeds limit 2000
2026-05-01 07:32:00 [WARNING] fno.monitor: Vega exposure -54835.7 exceeds limit 2000
2026-05-01 07:32:30 [WARNING] fno.monitor: Vega exposure -54835.7 exceeds limit 2000
2026-05-01 07:33:00 [WARNING] fno.monitor: Vega exposure -54835.7 exceeds limit 2000
2026-05-01 07:33:30 [WARNING] fno.monitor: Vega exposure -54835.7 exceeds limit 2000
2026-05-01 07:34:00 [WARNING] fno.monitor: Vega exposure -54835.7 exceeds limit 2000
2026-05-01 07:34:30 [WARNING] fno.monitor: Vega exposure -54835.7 exceeds limit 2000
2026-05-01 07:35:00 [WARNING] fno.monitor: Vega exposure -54835.7 exceeds limit 2000
2026-05-01 07:35:30 [WARNING] fno.monitor: Vega exposure -54835.7 exceeds limit 2000
2026-05-01 07:35:30 [INFO] fno: Monitor cycle 450: open=3, exits=0, warnings=1
2026-05-01 07:36:00 [WARNING] fno.monitor: Vega exposure -54835.7 exceeds limit 2000
2026-05-01 07:36:30 [WARNING] fno.monitor: Vega exposure -54835.7 exceeds limit 2000
2026-05-01 07:37:00 [WARNING] fno.monitor: Vega exposure -54835.7 exceeds limit 2000
2026-05-01 07:37:30 [WARNING] fno.monitor: Vega exposure -54835.7 exceeds limit 2000
2026-05-01 07:38:00 [WARNING] fno.monitor: Vega exposure -54835.7 exceeds limit 2000
2026-05-01 07:38:30 [WARNING] fno.monitor: Vega exposure -54835.7 exceeds limit 2000
2026-05-01 07:39:00 [WARNING] fno.monitor: Vega exposure -54835.7 exceeds limit 2000
2026-05-01 07:39:30 [WARNING] fno.monitor: Vega exposure -54835.7 exceeds limit 2000
2026-05-01 07:40:00 [WARNING] fno.monitor: Vega exposure -54835.7 exceeds limit 2000
2026-05-01 07:40:30 [WARNING] fno.monitor: Vega exposure -54835.7 exceeds limit 2000
2026-05-01 07:40:30 [INFO] fno: Monitor cycle 460: open=3, exits=0, warnings=1
2026-05-01 07:41:00 [WARNING] fno.monitor: Vega exposure -54835.7 exceeds limit 2000
2026-05-01 07:41:30 [WARNING] fno.monitor: Vega exposure -54835.7 exceeds limit 2000
2026-05-01 07:42:00 [WARNING] fno.monitor: Vega exposure -54835.7 exceeds limit 2000
2026-05-01 07:42:30 [WARNING] fno.monitor: Vega exposure -54835.7 exceeds limit 2000
2026-05-01 07:43:00 [WARNING] fno.monitor: Vega exposure -54835.7 exceeds limit 2000
2026-05-01 07:43:30 [WARNING] fno.monitor: Vega exposure -54835.7 exceeds limit 2000
2026-05-01 07:44:00 [WARNING] fno.monitor: Vega exposure -54835.7 exceeds limit 2000
2026-05-01 07:44:30 [WARNING] fno.monitor: Vega exposure -54835.7 exceeds limit 2000
2026-05-01 07:45:00 [WARNING] fno.monitor: Vega exposure -54835.7 exceeds limit 2000
2026-05-01 07:45:30 [WARNING] fno.monitor: Vega exposure -54835.7 exceeds limit 2000
2026-05-01 07:45:30 [INFO] fno: Monitor cycle 470: open=3, exits=0, warnings=1
2026-05-01 07:46:00 [WARNING] fno.monitor: Vega exposure -54835.7 exceeds limit 2000
2026-05-01 07:46:30 [WARNING] fno.monitor: Vega exposure -54835.7 exceeds limit 2000
2026-05-01 07:47:00 [WARNING] fno.monitor: Vega exposure -54835.7 exceeds limit 2000
2026-05-01 07:47:30 [WARNING] fno.monitor: Vega exposure -54835.7 exceeds limit 2000
2026-05-01 07:48:00 [WARNING] fno.monitor: Vega exposure -54835.7 exceeds limit 2000
2026-05-01 07:48:30 [WARNING] fno.monitor: Vega exposure -54835.7 exceeds limit 2000
2026-05-01 07:49:00 [WARNING] fno.monitor: Vega exposure -54835.7 exceeds limit 2000
2026-05-01 07:49:30 [WARNING] fno.monitor: Vega exposure -54835.7 exceeds limit 2000
2026-05-01 07:50:00 [WARNING] fno.monitor: Vega exposure -54835.7 exceeds limit 2000
2026-05-01 07:50:30 [WARNING] fno.monitor: Vega exposure -54835.7 exceeds limit 2000
2026-05-01 07:50:30 [INFO] fno: Monitor cycle 480: open=3, exits=0, warnings=1
2026-05-01 07:51:00 [WARNING] fno.monitor: Vega exposure -54835.7 exceeds limit 2000
2026-05-01 07:51:30 [WARNING] fno.monitor: Vega exposure -54835.7 exceeds limit 2000
2026-05-01 07:52:00 [WARNING] fno.monitor: Vega exposure -54835.7 exceeds limit 2000
2026-05-01 07:52:30 [WARNING] fno.monitor: Vega exposure -54835.7 exceeds limit 2000
2026-05-01 07:53:00 [WARNING] fno.monitor: Vega exposure -54835.7 exceeds limit 2000
2026-05-01 07:53:30 [WARNING] fno.monitor: Vega exposure -54835.7 exceeds limit 2000
2026-05-01 07:54:00 [WARNING] fno.monitor: Vega exposure -54835.7 exceeds limit 2000
2026-05-01 07:54:30 [WARNING] fno.monitor: Vega exposure -54835.7 exceeds limit 2000
2026-05-01 07:55:00 [WARNING] fno.monitor: Vega exposure -54835.7 exceeds limit 2000
2026-05-01 07:55:30 [WARNING] fno.monitor: Vega exposure -54835.7 exceeds limit 2000
2026-05-01 07:55:30 [INFO] fno: Monitor cycle 490: open=3, exits=0, warnings=1
2026-05-01 07:56:00 [WARNING] fno.monitor: Vega exposure -54835.7 exceeds limit 2000
2026-05-01 07:56:30 [WARNING] fno.monitor: Vega exposure -54835.7 exceeds limit 2000
2026-05-01 07:57:00 [WARNING] fno.monitor: Vega exposure -54835.7 exceeds limit 2000
2026-05-01 07:57:30 [WARNING] fno.monitor: Vega exposure -54835.7 exceeds limit 2000
2026-05-01 07:58:00 [WARNING] fno.monitor: Vega exposure -54835.7 exceeds limit 2000
2026-05-01 07:58:30 [WARNING] fno.monitor: Vega exposure -54835.7 exceeds limit 2000
2026-05-01 07:59:00 [WARNING] fno.monitor: Vega exposure -54835.7 exceeds limit 2000
2026-05-01 07:59:30 [WARNING] fno.monitor: Vega exposure -54835.7 exceeds limit 2000
2026-05-01 08:00:00 [WARNING] fno.monitor: Vega exposure -54835.7 exceeds limit 2000
2026-05-01 08:00:30 [WARNING] fno.monitor: Vega exposure -54835.7 exceeds limit 2000
2026-05-01 08:00:30 [INFO] fno: Monitor cycle 500: open=3, exits=0, warnings=1
2026-05-01 08:01:00 [WARNING] fno.monitor: Vega exposure -54835.7 exceeds limit 2000
2026-05-01 08:01:30 [WARNING] fno.monitor: Vega exposure -54835.7 exceeds limit 2000
2026-05-01 08:02:00 [WARNING] fno.monitor: Vega exposure -54835.7 exceeds limit 2000
2026-05-01 08:02:30 [WARNING] fno.monitor: Vega exposure -54835.7 exceeds limit 2000
2026-05-01 08:03:00 [WARNING] fno.monitor: Vega exposure -54835.7 exceeds limit 2000
2026-05-01 08:03:30 [WARNING] fno.monitor: Vega exposure -54835.7 exceeds limit 2000
2026-05-01 08:04:00 [WARNING] fno.monitor: Vega exposure -54835.7 exceeds limit 2000
2026-05-01 08:04:30 [WARNING] fno.monitor: Vega exposure -54835.7 exceeds limit 2000
2026-05-01 08:05:00 [WARNING] fno.monitor: Vega exposure -54835.7 exceeds limit 2000
2026-05-01 08:05:30 [WARNING] fno.monitor: Vega exposure -54835.7 exceeds limit 2000
2026-05-01 08:05:30 [INFO] fno: Monitor cycle 510: open=3, exits=0, warnings=1
2026-05-01 08:06:00 [WARNING] fno.monitor: Vega exposure -54835.7 exceeds limit 2000
2026-05-01 08:06:30 [WARNING] fno.monitor: Vega exposure -54835.7 exceeds limit 2000
2026-05-01 08:07:00 [WARNING] fno.monitor: Vega exposure -54835.7 exceeds limit 2000
2026-05-01 08:07:30 [WARNING] fno.monitor: Vega exposure -54835.7 exceeds limit 2000
2026-05-01 08:08:00 [WARNING] fno.monitor: Vega exposure -54835.7 exceeds limit 2000
2026-05-01 08:08:30 [WARNING] fno.monitor: Vega exposure -54835.7 exceeds limit 2000
2026-05-01 08:09:00 [WARNING] fno.monitor: Vega exposure -54835.7 exceeds limit 2000
2026-05-01 08:09:30 [WARNING] fno.monitor: Vega exposure -54835.7 exceeds limit 2000
2026-05-01 08:10:00 [WARNING] fno.monitor: Vega exposure -54835.7 exceeds limit 2000
2026-05-01 08:10:30 [WARNING] fno.monitor: Vega exposure -54835.7 exceeds limit 2000
2026-05-01 08:10:30 [INFO] fno: Monitor cycle 520: open=3, exits=0, warnings=1
2026-05-01 08:11:00 [WARNING] fno.monitor: Vega exposure -54835.7 exceeds limit 2000
2026-05-01 08:11:30 [WARNING] fno.monitor: Vega exposure -54835.7 exceeds limit 2000
2026-05-01 08:12:00 [WARNING] fno.monitor: Vega exposure -54835.7 exceeds limit 2000
2026-05-01 08:12:30 [WARNING] fno.monitor: Vega exposure -54835.7 exceeds limit 2000
2026-05-01 08:13:00 [WARNING] fno.monitor: Vega exposure -54835.7 exceeds limit 2000
2026-05-01 08:13:30 [WARNING] fno.monitor: Vega exposure -54835.7 exceeds limit 2000
2026-05-01 08:14:00 [WARNING] fno.monitor: Vega exposure -54835.7 exceeds limit 2000
2026-05-01 08:14:30 [WARNING] fno.monitor: Vega exposure -54835.7 exceeds limit 2000
2026-05-01 08:15:00 [WARNING] fno.monitor: Vega exposure -54835.7 exceeds limit 2000
2026-05-01 08:15:30 [WARNING] fno.monitor: Vega exposure -54835.7 exceeds limit 2000
2026-05-01 08:15:30 [INFO] fno: Monitor cycle 530: open=3, exits=0, warnings=1
2026-05-01 08:16:00 [WARNING] fno.monitor: Vega exposure -54835.7 exceeds limit 2000
2026-05-01 08:16:30 [WARNING] fno.monitor: Vega exposure -54835.7 exceeds limit 2000
2026-05-01 08:17:00 [WARNING] fno.monitor: Vega exposure -54835.7 exceeds limit 2000
2026-05-01 08:17:30 [WARNING] fno.monitor: Vega exposure -54835.7 exceeds limit 2000
2026-05-01 08:18:01 [WARNING] fno.monitor: Vega exposure -54835.7 exceeds limit 2000
2026-05-01 08:18:31 [WARNING] fno.monitor: Vega exposure -54835.7 exceeds limit 2000
2026-05-01 08:19:01 [WARNING] fno.monitor: Vega exposure -54835.7 exceeds limit 2000
2026-05-01 08:19:31 [WARNING] fno.monitor: Vega exposure -54835.7 exceeds limit 2000
2026-05-01 08:20:01 [WARNING] fno.monitor: Vega exposure -54835.7 exceeds limit 2000
2026-05-01 08:20:31 [WARNING] fno.monitor: Vega exposure -54835.7 exceeds limit 2000
2026-05-01 08:20:31 [INFO] fno: Monitor cycle 540: open=3, exits=0, warnings=1
2026-05-01 08:21:01 [WARNING] fno.monitor: Vega exposure -54835.7 exceeds limit 2000
2026-05-01 08:21:31 [WARNING] fno.monitor: Vega exposure -54835.7 exceeds limit 2000
2026-05-01 08:22:01 [WARNING] fno.monitor: Vega exposure -54835.7 exceeds limit 2000
2026-05-01 08:22:31 [WARNING] fno.monitor: Vega exposure -54835.7 exceeds limit 2000
2026-05-01 08:23:01 [WARNING] fno.monitor: Vega exposure -54835.7 exceeds limit 2000
2026-05-01 08:23:31 [WARNING] fno.monitor: Vega exposure -54835.7 exceeds limit 2000
2026-05-01 08:24:01 [WARNING] fno.monitor: Vega exposure -54835.7 exceeds limit 2000
2026-05-01 08:24:31 [WARNING] fno.monitor: Vega exposure -54835.7 exceeds limit 2000
2026-05-01 08:25:01 [WARNING] fno.monitor: Vega exposure -54835.7 exceeds limit 2000
2026-05-01 08:25:31 [WARNING] fno.monitor: Vega exposure -54835.7 exceeds limit 2000
2026-05-01 08:25:31 [INFO] fno: Monitor cycle 550: open=3, exits=0, warnings=1
2026-05-01 08:26:01 [WARNING] fno.monitor: Vega exposure -54835.7 exceeds limit 2000
2026-05-01 08:26:31 [WARNING] fno.monitor: Vega exposure -54835.7 exceeds limit 2000
2026-05-01 08:27:01 [WARNING] fno.monitor: Vega exposure -54835.7 exceeds limit 2000
2026-05-01 08:27:31 [WARNING] fno.monitor: Vega exposure -54835.7 exceeds limit 2000
2026-05-01 08:28:01 [WARNING] fno.monitor: Vega exposure -54835.7 exceeds limit 2000
2026-05-01 08:28:31 [WARNING] fno.monitor: Vega exposure -54835.7 exceeds limit 2000
2026-05-01 08:29:01 [WARNING] fno.monitor: Vega exposure -54835.7 exceeds limit 2000
2026-05-01 08:29:31 [WARNING] fno.monitor: Vega exposure -54835.7 exceeds limit 2000
2026-05-01 08:30:01 [WARNING] fno.monitor: Vega exposure -54835.7 exceeds limit 2000
2026-05-01 08:30:31 [WARNING] fno.monitor: Vega exposure -54835.7 exceeds limit 2000
2026-05-01 08:30:31 [INFO] fno: Monitor cycle 560: open=3, exits=0, warnings=1
2026-05-01 08:31:01 [WARNING] fno.monitor: Vega exposure -54835.7 exceeds limit 2000
2026-05-01 08:31:31 [WARNING] fno.monitor: Vega exposure -54835.7 exceeds limit 2000
2026-05-01 08:32:01 [WARNING] fno.monitor: Vega exposure -54835.7 exceeds limit 2000
2026-05-01 08:32:31 [WARNING] fno.monitor: Vega exposure -54835.7 exceeds limit 2000
2026-05-01 08:33:01 [WARNING] fno.monitor: Vega exposure -54835.7 exceeds limit 2000
2026-05-01 08:33:31 [WARNING] fno.monitor: Vega exposure -54835.7 exceeds limit 2000
2026-05-01 08:34:01 [WARNING] fno.monitor: Vega exposure -54835.7 exceeds limit 2000
2026-05-01 08:34:31 [WARNING] fno.monitor: Vega exposure -54835.7 exceeds limit 2000
2026-05-01 08:35:01 [WARNING] fno.monitor: Vega exposure -54835.7 exceeds limit 2000
2026-05-01 08:35:31 [WARNING] fno.monitor: Vega exposure -54835.7 exceeds limit 2000
2026-05-01 08:35:31 [INFO] fno: Monitor cycle 570: open=3, exits=0, warnings=1
2026-05-01 08:36:01 [WARNING] fno.monitor: Vega exposure -54835.7 exceeds limit 2000
2026-05-01 08:36:31 [WARNING] fno.monitor: Vega exposure -54835.7 exceeds limit 2000
2026-05-01 08:37:01 [WARNING] fno.monitor: Vega exposure -54835.7 exceeds limit 2000
2026-05-01 08:37:31 [WARNING] fno.monitor: Vega exposure -54835.7 exceeds limit 2000
2026-05-01 08:38:01 [WARNING] fno.monitor: Vega exposure -54835.7 exceeds limit 2000
2026-05-01 08:38:31 [WARNING] fno.monitor: Vega exposure -54835.7 exceeds limit 2000
2026-05-01 08:39:01 [WARNING] fno.monitor: Vega exposure -54835.7 exceeds limit 2000
2026-05-01 08:39:31 [WARNING] fno.monitor: Vega exposure -54835.7 exceeds limit 2000
2026-05-01 08:40:01 [WARNING] fno.monitor: Vega exposure -54835.7 exceeds limit 2000
2026-05-01 08:40:31 [WARNING] fno.monitor: Vega exposure -54835.7 exceeds limit 2000
2026-05-01 08:40:31 [INFO] fno: Monitor cycle 580: open=3, exits=0, warnings=1
2026-05-01 08:41:01 [WARNING] fno.monitor: Vega exposure -54835.7 exceeds limit 2000
2026-05-01 08:41:31 [WARNING] fno.monitor: Vega exposure -54835.7 exceeds limit 2000
2026-05-01 08:42:01 [WARNING] fno.monitor: Vega exposure -54835.7 exceeds limit 2000
2026-05-01 08:42:31 [WARNING] fno.monitor: Vega exposure -54835.7 exceeds limit 2000
2026-05-01 08:43:01 [WARNING] fno.monitor: Vega exposure -54835.7 exceeds limit 2000
2026-05-01 08:43:31 [WARNING] fno.monitor: Vega exposure -54835.7 exceeds limit 2000
2026-05-01 08:44:01 [WARNING] fno.monitor: Vega exposure -54835.7 exceeds limit 2000
2026-05-01 08:44:31 [WARNING] fno.monitor: Vega exposure -54835.7 exceeds limit 2000
2026-05-01 08:45:01 [WARNING] fno.monitor: Vega exposure -54835.7 exceeds limit 2000
2026-05-01 08:45:31 [WARNING] fno.monitor: Vega exposure -54835.7 exceeds limit 2000
2026-05-01 08:45:31 [INFO] fno: Monitor cycle 590: open=3, exits=0, warnings=1
2026-05-01 08:46:01 [WARNING] fno.monitor: Vega exposure -54835.7 exceeds limit 2000
2026-05-01 08:46:31 [WARNING] fno.monitor: Vega exposure -54835.7 exceeds limit 2000
2026-05-01 08:47:01 [WARNING] fno.monitor: Vega exposure -54835.7 exceeds limit 2000
2026-05-01 08:47:31 [WARNING] fno.monitor: Vega exposure -54835.7 exceeds limit 2000
2026-05-01 08:48:01 [WARNING] fno.monitor: Vega exposure -54835.7 exceeds limit 2000
2026-05-01 08:48:31 [WARNING] fno.monitor: Vega exposure -54835.7 exceeds limit 2000
2026-05-01 08:49:01 [WARNING] fno.monitor: Vega exposure -54835.7 exceeds limit 2000
2026-05-01 08:49:31 [WARNING] fno.monitor: Vega exposure -54835.7 exceeds limit 2000
2026-05-01 08:50:01 [WARNING] fno.monitor: Vega exposure -54835.7 exceeds limit 2000
2026-05-01 08:50:31 [WARNING] fno.monitor: Vega exposure -54835.7 exceeds limit 2000
2026-05-01 08:50:31 [INFO] fno: Monitor cycle 600: open=3, exits=0, warnings=1
2026-05-01 08:51:01 [WARNING] fno.monitor: Vega exposure -54835.7 exceeds limit 2000
2026-05-01 08:51:31 [WARNING] fno.monitor: Vega exposure -54835.7 exceeds limit 2000
2026-05-01 08:52:01 [WARNING] fno.monitor: Vega exposure -54835.7 exceeds limit 2000
2026-05-01 08:52:31 [WARNING] fno.monitor: Vega exposure -54835.7 exceeds limit 2000
2026-05-01 08:53:01 [WARNING] fno.monitor: Vega exposure -54835.7 exceeds limit 2000
2026-05-01 08:53:31 [WARNING] fno.monitor: Vega exposure -54835.7 exceeds limit 2000
2026-05-01 08:54:01 [WARNING] fno.monitor: Vega exposure -54835.7 exceeds limit 2000
2026-05-01 08:54:31 [WARNING] fno.monitor: Vega exposure -54835.7 exceeds limit 2000
2026-05-01 08:55:01 [WARNING] fno.monitor: Vega exposure -54835.7 exceeds limit 2000
2026-05-01 08:55:31 [WARNING] fno.monitor: Vega exposure -54835.7 exceeds limit 2000
2026-05-01 08:55:31 [INFO] fno: Monitor cycle 610: open=3, exits=0, warnings=1
2026-05-01 08:56:01 [WARNING] fno.monitor: Vega exposure -54835.7 exceeds limit 2000
2026-05-01 08:56:31 [WARNING] fno.monitor: Vega exposure -54835.7 exceeds limit 2000
2026-05-01 08:57:01 [WARNING] fno.monitor: Vega exposure -54835.7 exceeds limit 2000
2026-05-01 08:57:31 [WARNING] fno.monitor: Vega exposure -54835.7 exceeds limit 2000
2026-05-01 08:58:01 [WARNING] fno.monitor: Vega exposure -54835.7 exceeds limit 2000
2026-05-01 08:58:31 [WARNING] fno.monitor: Vega exposure -54835.7 exceeds limit 2000
2026-05-01 08:59:01 [WARNING] fno.monitor: Vega exposure -54835.7 exceeds limit 2000
2026-05-01 08:59:31 [WARNING] fno.monitor: Vega exposure -54835.7 exceeds limit 2000
2026-05-01 09:00:01 [WARNING] fno.monitor: Vega exposure -54835.7 exceeds limit 2000
2026-05-01 09:00:31 [WARNING] fno.monitor: Vega exposure -54835.7 exceeds limit 2000
2026-05-01 09:00:31 [INFO] fno: Monitor cycle 620: open=3, exits=0, warnings=1
2026-05-01 09:01:01 [WARNING] fno.monitor: Vega exposure -54835.7 exceeds limit 2000
2026-05-01 09:01:31 [WARNING] fno.monitor: Vega exposure -54835.7 exceeds limit 2000
2026-05-01 09:02:01 [WARNING] fno.monitor: Vega exposure -54835.7 exceeds limit 2000
2026-05-01 09:02:31 [WARNING] fno.monitor: Vega exposure -54835.7 exceeds limit 2000
2026-05-01 09:03:01 [WARNING] fno.monitor: Vega exposure -54835.7 exceeds limit 2000
2026-05-01 09:03:31 [WARNING] fno.monitor: Vega exposure -54835.7 exceeds limit 2000
2026-05-01 09:04:01 [WARNING] fno.monitor: Vega exposure -54835.7 exceeds limit 2000
2026-05-01 09:04:31 [WARNING] fno.monitor: Vega exposure -54835.7 exceeds limit 2000
2026-05-01 09:05:01 [WARNING] fno.monitor: Vega exposure -54835.7 exceeds limit 2000
2026-05-01 09:05:31 [WARNING] fno.monitor: Vega exposure -54835.7 exceeds limit 2000
2026-05-01 09:05:31 [INFO] fno: Monitor cycle 630: open=3, exits=0, warnings=1
2026-05-01 09:06:01 [WARNING] fno.monitor: Vega exposure -54835.7 exceeds limit 2000
2026-05-01 09:06:31 [WARNING] fno.monitor: Vega exposure -54835.7 exceeds limit 2000
2026-05-01 09:07:01 [WARNING] fno.monitor: Vega exposure -54835.7 exceeds limit 2000
2026-05-01 09:07:31 [WARNING] fno.monitor: Vega exposure -54835.7 exceeds limit 2000
2026-05-01 09:08:01 [WARNING] fno.monitor: Vega exposure -54835.7 exceeds limit 2000
2026-05-01 09:08:31 [WARNING] fno.monitor: Vega exposure -54835.7 exceeds limit 2000
2026-05-01 09:09:01 [WARNING] fno.monitor: Vega exposure -54835.7 exceeds limit 2000
2026-05-01 09:09:31 [WARNING] fno.monitor: Vega exposure -54835.7 exceeds limit 2000
2026-05-01 09:10:01 [WARNING] fno.monitor: Vega exposure -54835.7 exceeds limit 2000
2026-05-01 09:10:31 [WARNING] fno.monitor: Vega exposure -54835.7 exceeds limit 2000
2026-05-01 09:10:31 [INFO] fno: Monitor cycle 640: open=3, exits=0, warnings=1
2026-05-01 09:11:01 [WARNING] fno.monitor: Vega exposure -54835.7 exceeds limit 2000
2026-05-01 09:11:31 [WARNING] fno.monitor: Vega exposure -54835.7 exceeds limit 2000
2026-05-01 09:12:01 [WARNING] fno.monitor: Vega exposure -54835.7 exceeds limit 2000
2026-05-01 09:12:31 [WARNING] fno.monitor: Vega exposure -54835.7 exceeds limit 2000
2026-05-01 09:13:01 [WARNING] fno.monitor: Vega exposure -54835.7 exceeds limit 2000
2026-05-01 09:13:31 [WARNING] fno.monitor: Vega exposure -54835.7 exceeds limit 2000
2026-05-01 09:14:01 [WARNING] fno.monitor: Vega exposure -54835.7 exceeds limit 2000
2026-05-01 09:14:31 [WARNING] fno.monitor: Vega exposure -54835.7 exceeds limit 2000
2026-05-01 09:15:01 [WARNING] fno.monitor: Vega exposure -54835.7 exceeds limit 2000
2026-05-01 09:15:31 [WARNING] fno.monitor: Vega exposure -54835.7 exceeds limit 2000
2026-05-01 09:15:31 [INFO] fno: Monitor cycle 650: open=3, exits=0, warnings=1
2026-05-01 09:16:01 [WARNING] fno.monitor: Vega exposure -54835.7 exceeds limit 2000
2026-05-01 09:16:31 [WARNING] fno.monitor: Vega exposure -54835.7 exceeds limit 2000
2026-05-01 09:17:01 [WARNING] fno.monitor: Vega exposure -54835.7 exceeds limit 2000
2026-05-01 09:17:31 [WARNING] fno.monitor: Vega exposure -54835.7 exceeds limit 2000
2026-05-01 09:18:01 [WARNING] fno.monitor: Vega exposure -54835.7 exceeds limit 2000
2026-05-01 09:18:31 [WARNING] fno.monitor: Vega exposure -54835.7 exceeds limit 2000
2026-05-01 09:19:01 [WARNING] fno.monitor: Vega exposure -54835.7 exceeds limit 2000
2026-05-01 09:19:31 [WARNING] fno.monitor: Vega exposure -54835.7 exceeds limit 2000
2026-05-01 09:20:01 [WARNING] fno.monitor: Vega exposure -54835.7 exceeds limit 2000
2026-05-01 09:20:31 [WARNING] fno.monitor: Vega exposure -54835.7 exceeds limit 2000
2026-05-01 09:20:31 [INFO] fno: Monitor cycle 660: open=3, exits=0, warnings=1
2026-05-01 09:21:01 [WARNING] fno.monitor: Vega exposure -54835.7 exceeds limit 2000
2026-05-01 09:21:31 [WARNING] fno.monitor: Vega exposure -54835.7 exceeds limit 2000
2026-05-01 09:22:01 [WARNING] fno.monitor: Vega exposure -54835.7 exceeds limit 2000
2026-05-01 09:22:31 [WARNING] fno.monitor: Vega exposure -54835.7 exceeds limit 2000
2026-05-01 09:23:01 [WARNING] fno.monitor: Vega exposure -54835.7 exceeds limit 2000
2026-05-01 09:23:31 [WARNING] fno.monitor: Vega exposure -54835.7 exceeds limit 2000
2026-05-01 09:24:01 [WARNING] fno.monitor: Vega exposure -54835.7 exceeds limit 2000
2026-05-01 09:24:31 [WARNING] fno.monitor: Vega exposure -54835.7 exceeds limit 2000
2026-05-01 09:25:01 [WARNING] fno.monitor: Vega exposure -54835.7 exceeds limit 2000
2026-05-01 09:25:31 [WARNING] fno.monitor: Vega exposure -54835.7 exceeds limit 2000
2026-05-01 09:25:31 [INFO] fno: Monitor cycle 670: open=3, exits=0, warnings=1
2026-05-01 09:26:01 [WARNING] fno.monitor: Vega exposure -54835.7 exceeds limit 2000
2026-05-01 09:26:31 [WARNING] fno.monitor: Vega exposure -54835.7 exceeds limit 2000
2026-05-01 09:27:01 [WARNING] fno.monitor: Vega exposure -54835.7 exceeds limit 2000
2026-05-01 09:27:31 [WARNING] fno.monitor: Vega exposure -54835.7 exceeds limit 2000
2026-05-01 09:28:01 [WARNING] fno.monitor: Vega exposure -54835.7 exceeds limit 2000
2026-05-01 09:28:31 [WARNING] fno.monitor: Vega exposure -54835.7 exceeds limit 2000
2026-05-01 09:29:01 [WARNING] fno.monitor: Vega exposure -54835.7 exceeds limit 2000
2026-05-01 09:29:31 [WARNING] fno.monitor: Vega exposure -54835.7 exceeds limit 2000
2026-05-01 09:30:01 [WARNING] fno.monitor: Vega exposure -54835.7 exceeds limit 2000
2026-05-01 09:30:31 [WARNING] fno.monitor: Vega exposure -54835.7 exceeds limit 2000
2026-05-01 09:30:31 [INFO] fno: Monitor cycle 680: open=3, exits=0, warnings=1
2026-05-01 09:31:01 [WARNING] fno.monitor: Vega exposure -54835.7 exceeds limit 2000
2026-05-01 09:31:31 [WARNING] fno.monitor: Vega exposure -54835.7 exceeds limit 2000
2026-05-01 09:32:01 [WARNING] fno.monitor: Vega exposure -54835.7 exceeds limit 2000
2026-05-01 09:32:31 [WARNING] fno.monitor: Vega exposure -54835.7 exceeds limit 2000
2026-05-01 09:33:01 [WARNING] fno.monitor: Vega exposure -54835.7 exceeds limit 2000
2026-05-01 09:33:31 [WARNING] fno.monitor: Vega exposure -54835.7 exceeds limit 2000
2026-05-01 09:34:01 [WARNING] fno.monitor: Vega exposure -54835.7 exceeds limit 2000
2026-05-01 09:34:31 [WARNING] fno.monitor: Vega exposure -54835.7 exceeds limit 2000
2026-05-01 09:35:01 [WARNING] fno.monitor: Vega exposure -54835.7 exceeds limit 2000
2026-05-01 09:35:31 [WARNING] fno.monitor: Vega exposure -54835.7 exceeds limit 2000
2026-05-01 09:35:31 [INFO] fno: Monitor cycle 690: open=3, exits=0, warnings=1
2026-05-01 09:36:01 [WARNING] fno.monitor: Vega exposure -54835.7 exceeds limit 2000
2026-05-01 09:36:31 [WARNING] fno.monitor: Vega exposure -54835.7 exceeds limit 2000
2026-05-01 09:37:01 [WARNING] fno.monitor: Vega exposure -54835.7 exceeds limit 2000
2026-05-01 09:37:31 [WARNING] fno.monitor: Vega exposure -54835.7 exceeds limit 2000
2026-05-01 09:38:01 [WARNING] fno.monitor: Vega exposure -54835.7 exceeds limit 2000
2026-05-01 09:38:32 [WARNING] fno.monitor: Vega exposure -54835.7 exceeds limit 2000
2026-05-01 09:39:02 [WARNING] fno.monitor: Vega exposure -54835.7 exceeds limit 2000
2026-05-01 09:39:32 [WARNING] fno.monitor: Vega exposure -54835.7 exceeds limit 2000
2026-05-01 09:40:02 [WARNING] fno.monitor: Vega exposure -54835.7 exceeds limit 2000
2026-05-01 09:40:32 [WARNING] fno.monitor: Vega exposure -54835.7 exceeds limit 2000
2026-05-01 09:40:32 [INFO] fno: Monitor cycle 700: open=3, exits=0, warnings=1
2026-05-01 09:41:02 [WARNING] fno.monitor: Vega exposure -54835.7 exceeds limit 2000
2026-05-01 09:41:32 [WARNING] fno.monitor: Vega exposure -54835.7 exceeds limit 2000
2026-05-01 09:42:02 [WARNING] fno.monitor: Vega exposure -54835.7 exceeds limit 2000
2026-05-01 09:42:32 [WARNING] fno.monitor: Vega exposure -54835.7 exceeds limit 2000
2026-05-01 09:43:02 [WARNING] fno.monitor: Vega exposure -54835.7 exceeds limit 2000
2026-05-01 09:43:32 [WARNING] fno.monitor: Vega exposure -54835.7 exceeds limit 2000
2026-05-01 09:44:02 [WARNING] fno.monitor: Vega exposure -54835.7 exceeds limit 2000
2026-05-01 09:44:32 [WARNING] fno.monitor: Vega exposure -54835.7 exceeds limit 2000
2026-05-01 09:45:02 [INFO] fno: ✅ [15:15:02] Phase: Position Monitoring — DONE
2026-05-01 09:45:02 [INFO] fno: 🟢 [15:15:02] Phase: Force Exit — START
2026-05-01 09:45:02 [INFO] fno.monitor: Strategy 39 → FORCE_EXITED | P&L: ₹1563.75
2026-05-01 09:45:02 [INFO] fno.monitor: Strategy 40 → FORCE_EXITED | P&L: ₹335.00
2026-05-01 09:45:02 [INFO] fno.monitor: Strategy 41 → FORCE_EXITED | P&L: ₹2178.90
2026-05-01 09:45:02 [INFO] fno.monitor: Force exited 3 strategies
2026-05-01 09:45:02 [INFO] fno: Force exited 3 strategies
2026-05-01 09:45:02 [INFO] fno: ✅ [15:15:02] Phase: Force Exit — DONE
2026-05-01 09:45:02 [INFO] fno: 🟢 [15:15:02] Phase: EOD Report — START
2026-05-01 09:45:02 [INFO] fno.reporter: Report written: output/reports/fno_2026-05-01.json
2026-05-01 09:45:02 [INFO] fno.dashboard: F&O Dashboard JSON updated: dashboard/api/fno_latest.json
2026-05-01 09:45:02 [INFO] fno.reporter: EOD report generated: 2026-05-01 — P&L ₹4077.65, Win rate 100.0%
2026-05-01 09:45:02 [INFO] fno: EOD: P&L=₹4077.65, Win rate=100.0%, Strategies=3
2026-05-01 09:45:02 [INFO] fno: ✅ [15:15:02] Phase: EOD Report — DONE
2026-05-01 09:45:02 [INFO] fno: 🟢 [15:15:02] Phase: Dashboard Update — START
2026-05-01 09:45:02 [INFO] fno: ✅ [15:15:02] Phase: Dashboard Update — DONE

╔══════════════════════════════════════════════════════════════╗
║           🎯 F&O AUTO-TRADER — Wealth Builder Pro            ║
║           Mode: 🧪 PAPER MODE                               ║
║           Time: 2026-05-01 09:20 IST                       ║
╚══════════════════════════════════════════════════════════════╝


🏁 F&O session complete!

